{
  message: {
    object: 'list',
    results: [
      {
        object: 'page',
        id: '32e1c4ed-6386-805b-87fc-d65e7527a63f',
        created_time: '2026-03-25T22:35:00.000Z',
        last_edited_time: '2026-03-25T22:44:00.000Z',
        created_by: { object: 'user', id: '35c1d230-718a-4071-9886-44e671cc0162' },
        last_edited_by: { object: 'user', id: '35c1d230-718a-4071-9886-44e671cc0162' },
        cover: null,
        icon: null,
        parent: {
          type: 'database_id',
          database_id: '32e1c4ed-6386-8001-a221-f898434a162f'
        },
        in_trash: false,
        is_archived: false,
        is_locked: false,
        properties: {
          Nome: {
            id: 'title',
            type: 'title',
            title: [
              {
                type: 'text',
                text: { content: 'Stellar Blade', link: null },
                annotations: {
                  bold: false,
                  italic: false,
                  strikethrough: false,
                  underline: false,
                  code: false,
                  color: 'default'
                },
                plain_text: 'Stellar Blade',
                href: null
              }
            ]
          }
        },
        url: 'https://www.notion.so/Stellar-Blade-32e1c4ed6386805b87fcd65e7527a63f',
        public_url: null,
        archived: false
      },
      {
        object: 'page',
        id: '32e1c4ed-6386-806d-b013-da2272731b26',
        created_time: '2026-03-25T22:44:00.000Z',
        last_edited_time: '2026-03-25T22:44:00.000Z',
        created_by: { object: 'user', id: '35c1d230-718a-4071-9886-44e671cc0162' },
        last_edited_by: { object: 'user', id: '35c1d230-718a-4071-9886-44e671cc0162' },
        cover: null,
        icon: null,
        parent: {
          type: 'database_id',
          database_id: '32e1c4ed-6386-8001-a221-f898434a162f'
        },
        in_trash: false,
        is_archived: false,
        is_locked: false,
        properties: {
          Nome: {
            id: 'title',
            type: 'title',
            title: [
              {
                type: 'text',
                text: { content: 'Indiana Jones', link: null },
                annotations: {
                  bold: false,
                  italic: false,
                  strikethrough: false,
                  underline: false,
                  code: false,
                  color: 'default'
                },
                plain_text: 'Indiana Jones',
                href: null
              }
            ]
          }
        },
        url: 'https://www.notion.so/Indiana-Jones-32e1c4ed6386806db013da2272731b26',
        public_url: null,
        archived: false
      }
    ],
    next_cursor: null,
    has_more: false,
    type: 'page_or_database',
    page_or_database: {},
    request_id: '7b59730d-2db6-48a5-acba-8ae3d8ec5736'
  },
  level: 'info',
  service: 'notion-wishlist-tracker'
}
{
  message: {
    object: 'list',
    results: [],
    next_cursor: null,
    has_more: false,
    type: 'page_or_database',
    page_or_database: {},
    request_id: '90093faf-f826-4342-9d5c-37f49161c9bf'
  },
  level: 'info',
  service: 'notion-wishlist-tracker'
}
{ message: [], level: 'info', service: 'notion-wishlist-tracker' }
{
  message: [
    '32e1c4ed-6386-803b-ba1e-c0dce65d7cba',
    '32e1c4ed-6386-80e1-b1f0-d7bdf72e6dbf'
  ],
  level: 'info',
  service: 'notion-wishlist-tracker'
}
{
  message: [ undefined, undefined ],
  level: 'info',
  service: 'notion-wishlist-tracker'
}
{
  message: [ Promise { <pending> }, Promise { <pending> } ],
  level: 'info',
  service: 'notion-wishlist-tracker'
}
{
  message: [ Promise { <pending> }, Promise { <pending> } ],
  level: 'info',
  service: 'notion-wishlist-tracker'
}
{
  message: [ Promise { <pending> }, Promise { <pending> } ],
  level: 'info',
  service: 'notion-wishlist-tracker'
}
{
  message: [ Promise { <pending> }, Promise { <pending> } ],
  level: 'info',
  service: 'notion-wishlist-tracker'
}
{
  message: [
    {
      object: 'page',
      id: '32e1c4ed-6386-803b-ba1e-c0dce65d7cba',
      created_time: '2026-03-25T23:12:00.000Z',
      last_edited_time: '2026-03-25T23:12:00.000Z',
      created_by: { object: 'user', id: '35c1d230-718a-4071-9886-44e671cc0162' },
      last_edited_by: { object: 'user', id: '35c1d230-718a-4071-9886-44e671cc0162' },
      cover: null,
      icon: null,
      parent: {
        type: 'database_id',
        database_id: '32e1c4ed-6386-8001-a221-f898434a162f'
      },
      in_trash: false,
      is_archived: false,
      is_locked: false,
      properties: {
        Nome: {
          id: 'title',
          type: 'title',
          title: [
            {
              type: 'text',
              text: { content: 'Stellar Blade', link: null },
              annotations: {
                bold: false,
                italic: false,
                strikethrough: false,
                underline: false,
                code: false,
                color: 'default'
              },
              plain_text: 'Stellar Blade',
              href: null
            }
          ]
        }
      },
      url: 'https://www.notion.so/Stellar-Blade-32e1c4ed6386803bba1ec0dce65d7cba',
      public_url: null,
      archived: false,
      request_id: '8fa8e4e3-4e75-483e-87d6-e1158d88569a'
    },
    {
      object: 'page',
      id: '32e1c4ed-6386-80e1-b1f0-d7bdf72e6dbf',
      created_time: '2026-03-25T23:12:00.000Z',
      last_edited_time: '2026-03-25T23:12:00.000Z',
      created_by: { object: 'user', id: '35c1d230-718a-4071-9886-44e671cc0162' },
      last_edited_by: { object: 'user', id: '35c1d230-718a-4071-9886-44e671cc0162' },
      cover: null,
      icon: null,
      parent: {
        type: 'database_id',
        database_id: '32e1c4ed-6386-8001-a221-f898434a162f'
      },
      in_trash: false,
      is_archived: false,
      is_locked: false,
      properties: {
        Nome: {
          id: 'title',
          type: 'title',
          title: [
            {
              type: 'text',
              text: { content: 'Indiana Jones', link: null },
              annotations: {
                bold: false,
                italic: false,
                strikethrough: false,
                underline: false,
                code: false,
                color: 'default'
              },
              plain_text: 'Indiana Jones',
              href: null
            }
          ]
        }
      },
      url: 'https://www.notion.so/Indiana-Jones-32e1c4ed638680e1b1f0d7bdf72e6dbf',
      public_url: null,
      archived: false,
      request_id: 'a1077103-5f41-4549-a150-1245b0094cc9'
    }
  ],
  level: 'info',
  service: 'notion-wishlist-tracker'
}
